// Jest Snapshot v1, https://goo.gl/fbAQLP

exports[`ResourceDetails component renders resource details correctly 1`] = `
<div class="resource-details oc-flex oc-flex-column oc-flex-middle">
  <div class="oc-width-1-3@l oc-width-1-2@m oc-width-3-4">
    <div class="file_info oc-flex oc-flex-between oc-p-s">
      <div class="oc-flex oc-flex-middle">
        <span class="file_info__icon oc-mr-s">
          <span class="oc-icon oc-icon-l oc-icon-passive oc-resource-icon oc-resource-icon-folder">
            <!---->
          </span>
          <!--v-if-->
        </span>
        <div class="file_info__body oc-text-overflow">
          <h3 class="oc-font-semibold">
            <span class="oc-resource-name oc-display-inline-block" data-test-resource-name="image.jpg" title="image.jpg">
              <span class="oc-resource-basename oc-text-break">image.jpg</span>
              <!--v-if-->
            </span>
          </h3>
        </div>
      </div>
      <!--v-if-->
    </div>
    <div class="oc-mb" id="oc-file-details-sidebar">
      <div>
        <div class="details-icon-wrapper oc-width-1-1 oc-flex oc-flex-middle oc-flex-center oc-mb">
          <span class="details-icon">
            <span class="oc-icon oc-icon-xxxl oc-icon-passive oc-resource-icon oc-resource-icon-folder">
              <!---->
            </span>
            <!--v-if-->
          </span>
        </div>
        <!--v-if-->
        <table aria-label="Overview of the information about the selected file" class="details-table">
          <tbody>
            <tr>
              <th class="oc-pr-s oc-font-semibold" scope="col">Last modified</th>
              <td>
                <span>Oct 21, 2015, 7:28 AM</span>
              </td>
            </tr>
            <!--v-if-->
            <!--v-if-->
            <!--v-if-->
            <!--v-if-->
            <tr>
              <th class="oc-pr-s oc-font-semibold" scope="col">Size</th>
              <td>24 kB</td>
            </tr>
            <!--v-if-->
            <!--v-if-->
            <!--v-if-->
            <!--v-if-->
            <!--v-if-->
          </tbody>
        </table>
      </div>
    </div>
    <ul class="oc-list oc-my-rm oc-mx-rm oc-mt-s" id="oc-files-actions-sidebar"></ul>
  </div>
</div>
`;
