// Jest Snapshot v1, https://goo.gl/fbAQLP

exports[`OcTextInput password input field password policy displays error state if password does not match criteria 1`] = `
<div class="">
  <label class="oc-label" for="oc-textinput-21"></label>
  <div class="oc-position-relative">
    <!--v-if-->
    <div class="oc-text-input-password-wrapper">
      <input aria-invalid="false" class="oc-text-input oc-input oc-rounded" id="oc-textinput-21" type="password">
      <button class="oc-button oc-rounded oc-button-s oc-button-justify-content-center oc-button-gap-m oc-button-passive oc-button-passive-raw oc-text-input-show-password-toggle oc-px-s oc-background-default" type="button">
        <!--v-if-->
        <!-- @slot Content of the button -->
        <span class="oc-icon oc-icon-s oc-icon-passive">
          <!---->
        </span>
      </button>
      <button class="oc-button oc-rounded oc-button-s oc-button-justify-content-center oc-button-gap-m oc-button-passive oc-button-passive-raw oc-text-input-copy-password-button oc-px-s oc-background-default" type="button">
        <!--v-if-->
        <!-- @slot Content of the button -->
        <span class="oc-icon oc-icon-s oc-icon-passive">
          <!---->
        </span>
      </button>
      <!--v-if-->
    </div>
    <portal to="app.design-system.password-policy">
      <div class="oc-text-small oc-flex oc-flex-column">
        <span>Please enter a password that meets the following criteria:</span>
        <div class="oc-flex oc-flex-middle">
          <span class="oc-icon oc-icon-s oc-icon-danger">
            <!---->
          </span>
          <span class="oc-text-input-danger">At least 8 characters</span>
        </div>
      </div>
    </portal>
    <!--v-if-->
  </div>
  <!--v-if-->
  <portal-target name="app.design-system.password-policy"></portal-target>
</div>
`;

exports[`OcTextInput password input field password policy displays success state if password matches criteria 1`] = `
<div class="">
  <label class="oc-label" for="oc-textinput-22"></label>
  <div class="oc-position-relative">
    <!--v-if-->
    <div class="oc-text-input-password-wrapper">
      <input aria-invalid="false" class="oc-text-input oc-input oc-rounded" id="oc-textinput-22" type="password">
      <button class="oc-button oc-rounded oc-button-s oc-button-justify-content-center oc-button-gap-m oc-button-passive oc-button-passive-raw oc-text-input-show-password-toggle oc-px-s oc-background-default" type="button">
        <!--v-if-->
        <!-- @slot Content of the button -->
        <span class="oc-icon oc-icon-s oc-icon-passive">
          <!---->
        </span>
      </button>
      <button class="oc-button oc-rounded oc-button-s oc-button-justify-content-center oc-button-gap-m oc-button-passive oc-button-passive-raw oc-text-input-copy-password-button oc-px-s oc-background-default" type="button">
        <!--v-if-->
        <!-- @slot Content of the button -->
        <span class="oc-icon oc-icon-s oc-icon-passive">
          <!---->
        </span>
      </button>
      <!--v-if-->
    </div>
    <portal to="app.design-system.password-policy">
      <div class="oc-text-small oc-flex oc-flex-column">
        <span>Please enter a password that meets the following criteria:</span>
        <div class="oc-flex oc-flex-middle">
          <span class="oc-icon oc-icon-s oc-icon-success">
            <!---->
          </span>
          <span class="oc-text-input-success">At least 8 characters</span>
        </div>
      </div>
    </portal>
    <!--v-if-->
  </div>
  <!--v-if-->
  <portal-target name="app.design-system.password-policy"></portal-target>
</div>
`;
