// Jest Snapshot v1, https://goo.gl/fbAQLP

exports[`access denied page renders component 1`] = `
<div class="oc-height-viewport oc-flex oc-flex-column oc-flex-center oc-flex-middle">
  <div class="oc-login-card">
    <img alt="" aria-hidden="true" class="oc-login-logo">
    <div class="oc-login-card-body oc-width-medium">
      <h2 class="oc-login-card-title">Not logged in</h2>
      <p>This could be because of a routine safety log out, or because your account is either inactive or not yet authorized for use. Please try logging in after a while or seek help from your Administrator.</p>
      <!--v-if-->
    </div>
    <div class="oc-login-card-footer oc-pt-rm">
      <p></p>
    </div>
  </div>
  <a attrs="[object Object]" class="oc-button oc-rounded oc-button-l oc-button-justify-content-center oc-button-gap-m oc-button-primary oc-button-primary-filled oc-mt-m oc-width-medium" id="exitAnchor" name="login">Log in again</a>
</div>
`;
